This is LuaHBTeX, Version 1.24.0 (TeX Live 2026)  (format=lualatex 2026.8.15)  14 SEP 2026 20:01
 restricted system commands enabled.
**source.tex
(./source.tex
LaTeX2e <2026-06-01>
L3 programming layer <2026-07-20>
Lua module: luaotfload 2024-12-03 v3.29 Lua based OpenType font support
Lua module: lualibs 2023-07-13 v2.76 ConTeXt Lua standard libraries.
Lua module: lualibs-extended 2023-07-13 v2.76 ConTeXt Lua libraries -- extended 
collection.
luaotfload | conf : Root cache directory is "/home/jasper/.texlive2026/texmf-var
/luatex-cache/generic/names".
luaotfload | init : Loading fontloader "fontloader-2023-12-28.lua" from kpse-res
olved path "/usr/local/texlive/2026/texmf-dist/tex/luatex/luaotfload/fontloader-
2023-12-28.lua".
Lua-only attribute luaotfload@noligature = 1
luaotfload | init : Context OpenType loader version 3.134
Inserting `luaotfload.node_processor' in `pre_linebreak_filter'.
Inserting `luaotfload.node_processor' in `hpack_filter'.
Inserting `luaotfload.glyph_stream' in `glyph_stream_provider'.
Inserting `luaotfload.define_font' in `define_font'.
Lua-only attribute luaotfload_color_attribute = 2
luaotfload | conf : Root cache directory is "/home/jasper/.texlive2026/texmf-var
/luatex-cache/generic/names".
Inserting `luaotfload.harf.strip_prefix' in `find_opentype_file'.
Inserting `luaotfload.harf.strip_prefix' in `find_truetype_file'.
Removing  `luaotfload.glyph_stream' from `glyph_stream_provider'.
Inserting `luaotfload.harf.glyphstream' in `glyph_stream_provider'.
Inserting `luaotfload.harf.finalize_vlist' in `post_linebreak_filter'.
Inserting `luaotfload.harf.finalize_hlist' in `hpack_filter'.
Inserting `luaotfload.cleanup_files' in `wrapup_run'.
Inserting `luaotfload.harf.finalize_unicode' in `finish_pdffile'.
Inserting `luaotfload.glyphinfo' in `glyph_info'.
Lua-only attribute luaotfload.letterspace_done = 3
Inserting `luaotfload.aux.set_sscale_dimens' in `luaotfload.patch_font'.
Inserting `luaotfload.aux.set_font_index' in `luaotfload.patch_font'.
Inserting `luaotfload.aux.patch_cambria_domh' in `luaotfload.patch_font'.
Inserting `luaotfload.aux.fixup_fontdata' in `luaotfload.patch_font_unsafe'.
Inserting `luaotfload.aux.set_capheight' in `luaotfload.patch_font'.
Inserting `luaotfload.aux.set_xheight' in `luaotfload.patch_font'.
Inserting `luaotfload.rewrite_fontname' in `luaotfload.patch_font'.
Inserting `tracingstacklevels' in `input_level_string'. (/usr/local/texlive/202
6/texmf-dist/tex/latex/standalone/standalone.cls
Document Class: standalone 2025/02/22 v1.5a Class to compile TeX sub-files stan
dalone
(/usr/local/texlive/2026/texmf-dist/tex/latex/tools/shellesc.sty
Package: shellesc 2023/07/08 v1.0d unified shell escape interface for LaTeX
Package shellesc Info: Restricted shell escape enabled on input line 77.
)
(/usr/local/texlive/2026/texmf-dist/tex/generic/iftex/ifluatex.sty
Package: ifluatex 2019/10/25 v1.5 ifluatex legacy package. Use iftex instead.

(/usr/local/texlive/2026/texmf-dist/tex/generic/iftex/iftex.sty
Package: iftex 2024/12/12 v1.0g TeX engine tests
))
(/usr/local/texlive/2026/texmf-dist/tex/latex/xkeyval/xkeyval.sty
Package: xkeyval 2025/11/04 v2.10 package option processing (HA)

(/usr/local/texlive/2026/texmf-dist/tex/generic/xkeyval/xkeyval.tex
(/usr/local/texlive/2026/texmf-dist/tex/generic/xkeyval/xkvutils.tex
\XKV@toks=\toks17
\XKV@tempa@toks=\toks18
\XKV@tempb@toks=\toks19

(/usr/local/texlive/2026/texmf-dist/tex/generic/xkeyval/keyval.tex))
\XKV@depth=\count274
File: xkeyval.tex 2014/12/03 v2.7a key=value parser (HA)
))
\sa@internal=\count275
\c@sapage=\count276

(/usr/local/texlive/2026/texmf-dist/tex/latex/standalone/standalone.cfg
File: standalone.cfg 2025/02/22 v1.5a Default configuration file for 'standalon
e' class
)
(/usr/local/texlive/2026/texmf-dist/tex/latex/base/article.cls
Document Class: article 2025/01/22 v1.4n Standard LaTeX document class
(/usr/local/texlive/2026/texmf-dist/tex/latex/base/size10.clo
File: size10.clo 2025/01/22 v1.4n Standard LaTeX file (size option)
luaotfload | db : Font names database loaded from /home/jasper/.texlive2026/texm
f-var/luatex-cache/generic/names/luaotfload-names.luc.gz)
\c@part=\count277
\c@section=\count278
\c@subsection=\count279
\c@subsubsection=\count280
\c@paragraph=\count281
\c@subparagraph=\count282
\c@figure=\count283
\c@table=\count284
\abovecaptionskip=\skip49
\belowcaptionskip=\skip50
\bibindent=\dimen149
)
(/usr/local/texlive/2026/texmf-dist/tex/generic/luatex85/luatex85.sty
Package: luatex85 2016/06/15 v1.4 pdftex aliases for luatex
)
(/usr/local/texlive/2026/texmf-dist/tex/generic/pdftexcmds/pdftexcmds.sty
Package: pdftexcmds 2020-06-27 v0.33 Utility functions of pdfTeX for LuaTeX (HO
)

(/usr/local/texlive/2026/texmf-dist/tex/generic/infwarerr/infwarerr.sty
Package: infwarerr 2019/12/03 v1.5 Providing info/warning/error messages (HO)
)
(/usr/local/texlive/2026/texmf-dist/tex/generic/ltxcmds/ltxcmds.sty
Package: ltxcmds 2023-12-04 v1.26 LaTeX kernel commands for general use (HO)
)
Package pdftexcmds Info: \pdf@primitive is available.
Package pdftexcmds Info: \pdf@ifprimitive is available.
Package pdftexcmds Info: \pdfdraftmode found.
\pdftexcmds@toks=\toks20
)
(/usr/local/texlive/2026/texmf-dist/tex/latex/pgf/frontendlayer/tikz.sty
(/usr/local/texlive/2026/texmf-dist/tex/latex/pgf/basiclayer/pgf.sty
(/usr/local/texlive/2026/texmf-dist/tex/latex/pgf/utilities/pgfrcs.sty
(/usr/local/texlive/2026/texmf-dist/tex/generic/pgf/utilities/pgfutil-common.te
x
\pgfutil@everybye=\toks21
\pgfutil@tempdima=\dimen150
\pgfutil@tempdimb=\dimen151
)
(/usr/local/texlive/2026/texmf-dist/tex/generic/pgf/utilities/pgfutil-latex.def
\pgfutil@abb=\box53
) (/usr/local/texlive/2026/texmf-dist/tex/generic/pgf/utilities/pgfrcs.code.tex
(/usr/local/texlive/2026/texmf-dist/tex/generic/pgf/pgf.revision.tex)
Package: pgfrcs 2026-08-01 v3.1.12 (3.1.12)
))
Package: pgf 2026-08-01 v3.1.12 (3.1.12)

(/usr/local/texlive/2026/texmf-dist/tex/latex/pgf/basiclayer/pgfcore.sty
(/usr/local/texlive/2026/texmf-dist/tex/latex/graphics/graphicx.sty
Package: graphicx 2026-05-17 v1.2e Enhanced LaTeX Graphics (DPC,SPQR)

(/usr/local/texlive/2026/texmf-dist/tex/latex/graphics/graphics.sty
Package: graphics 2026-05-17 v1.4h Standard LaTeX Graphics (DPC,SPQR)

(/usr/local/texlive/2026/texmf-dist/tex/latex/graphics/trig.sty
Package: trig 2023/12/02 v1.11 sin cos tan (DPC)
)
(/usr/local/texlive/2026/texmf-dist/tex/latex/graphics-cfg/graphics.cfg
File: graphics.cfg 2016/06/04 v1.11 sample graphics configuration
)
Package graphics Info: Driver file: luatex.def on input line 106.

(/usr/local/texlive/2026/texmf-dist/tex/latex/graphics-def/luatex.def
File: luatex.def 2025/09/29 v1.2f Graphics/color driver for luatex
))
\Gin@req@height=\dimen152
\Gin@req@width=\dimen153
)
(/usr/local/texlive/2026/texmf-dist/tex/latex/pgf/systemlayer/pgfsys.sty
(/usr/local/texlive/2026/texmf-dist/tex/generic/pgf/systemlayer/pgfsys.code.tex
Package: pgfsys 2026-08-01 v3.1.12 (3.1.12)
(/usr/local/texlive/2026/texmf-dist/tex/generic/pgf/utilities/pgfkeys.code.tex
\pgfkeys@pathtoks=\toks22
\pgfkeys@temptoks=\toks23

(/usr/local/texlive/2026/texmf-dist/tex/generic/pgf/utilities/pgfkeyslibraryfil
tered.code.tex
\pgfkeys@tmptoks=\toks24
))
\pgf@x=\dimen154
\pgf@y=\dimen155
\pgf@xa=\dimen156
\pgf@ya=\dimen157
\pgf@xb=\dimen158
\pgf@yb=\dimen159
\pgf@xc=\dimen160
\pgf@yc=\dimen161
\pgf@xd=\dimen162
\pgf@yd=\dimen163
\w@pgf@writea=\write3
\r@pgf@reada=\read2
\c@pgf@counta=\count285
\c@pgf@countb=\count286
\c@pgf@countc=\count287
\c@pgf@countd=\count288
\t@pgf@toka=\toks25
\t@pgf@tokb=\toks26
\t@pgf@tokc=\toks27
\pgf@sys@id@count=\count289
Lua function pgfsys@strcmp = 31
(/usr/local/texlive/2026/texmf-dist/tex/generic/pgf/systemlayer/pgf.cfg
File: pgf.cfg 2026-08-01 v3.1.12 (3.1.12)
)
Driver file for pgf: pgfsys-luatex.def

(/usr/local/texlive/2026/texmf-dist/tex/generic/pgf/systemlayer/pgfsys-luatex.d
ef
File: pgfsys-luatex.def 2026-08-01 v3.1.12 (3.1.12)

(/usr/local/texlive/2026/texmf-dist/tex/generic/pgf/systemlayer/pgfsys-common-p
df.def
File: pgfsys-common-pdf.def 2026-08-01 v3.1.12 (3.1.12)
)))
(/usr/local/texlive/2026/texmf-dist/tex/generic/pgf/systemlayer/pgfsyssoftpath.
code.tex
File: pgfsyssoftpath.code.tex 2026-08-01 v3.1.12 (3.1.12)
\pgfsyssoftpath@smallbuffer@items=\count290
\pgfsyssoftpath@bigbuffer@items=\count291
)
(/usr/local/texlive/2026/texmf-dist/tex/generic/pgf/systemlayer/pgfsysprotocol.
code.tex
File: pgfsysprotocol.code.tex 2026-08-01 v3.1.12 (3.1.12)
)) (/usr/local/texlive/2026/texmf-dist/tex/latex/xcolor/xcolor.sty
Package: xcolor 2024/09/29 v3.02 LaTeX color extensions (UK)

(/usr/local/texlive/2026/texmf-dist/tex/latex/graphics-cfg/color.cfg
File: color.cfg 2016/01/02 v1.6 sample color configuration
)
Package xcolor Info: Driver file: luatex.def on input line 274.

(/usr/local/texlive/2026/texmf-dist/tex/latex/graphics/mathcolor.ltx)
Package xcolor Info: Model `cmy' substituted by `cmy0' on input line 1349.
Package xcolor Info: Model `hsb' substituted by `rgb' on input line 1353.
Package xcolor Info: Model `RGB' extended on input line 1365.
Package xcolor Info: Model `HTML' substituted by `rgb' on input line 1367.
Package xcolor Info: Model `Hsb' substituted by `hsb' on input line 1368.
Package xcolor Info: Model `tHsb' substituted by `hsb' on input line 1369.
Package xcolor Info: Model `HSB' substituted by `hsb' on input line 1370.
Package xcolor Info: Model `Gray' substituted by `gray' on input line 1371.
Package xcolor Info: Model `wave' substituted by `hsb' on input line 1372.
)
(/usr/local/texlive/2026/texmf-dist/tex/generic/pgf/basiclayer/pgfcore.code.tex
Package: pgfcore 2026-08-01 v3.1.12 (3.1.12)
(/usr/local/texlive/2026/texmf-dist/tex/generic/pgf/math/pgfmath.code.tex
(/usr/local/texlive/2026/texmf-dist/tex/generic/pgf/math/pgfmathutil.code.tex)
(/usr/local/texlive/2026/texmf-dist/tex/generic/pgf/math/pgfmathparser.code.tex
\pgfmath@dimen=\dimen164
\pgfmath@count=\count292
\pgfmath@box=\box54
\pgfmath@toks=\toks28
\pgfmath@stack@operand=\toks29
\pgfmath@stack@operation=\toks30
)
(/usr/local/texlive/2026/texmf-dist/tex/generic/pgf/math/pgfmathfunctions.code.
tex)
(/usr/local/texlive/2026/texmf-dist/tex/generic/pgf/math/pgfmathfunctions.basic
.code.tex)
(/usr/local/texlive/2026/texmf-dist/tex/generic/pgf/math/pgfmathfunctions.trigo
nometric.code.tex)
(/usr/local/texlive/2026/texmf-dist/tex/generic/pgf/math/pgfmathfunctions.rando
m.code.tex)
(/usr/local/texlive/2026/texmf-dist/tex/generic/pgf/math/pgfmathfunctions.compa
rison.code.tex)
(/usr/local/texlive/2026/texmf-dist/tex/generic/pgf/math/pgfmathfunctions.base.
code.tex)
(/usr/local/texlive/2026/texmf-dist/tex/generic/pgf/math/pgfmathfunctions.round
.code.tex)
(/usr/local/texlive/2026/texmf-dist/tex/generic/pgf/math/pgfmathfunctions.misc.
code.tex)
(/usr/local/texlive/2026/texmf-dist/tex/generic/pgf/math/pgfmathfunctions.integ
erarithmetics.code.tex)
(/usr/local/texlive/2026/texmf-dist/tex/generic/pgf/math/pgfmathcalc.code.tex)
(/usr/local/texlive/2026/texmf-dist/tex/generic/pgf/math/pgfmathfloat.code.tex
\c@pgfmathroundto@lastzeros=\count293
)) (/usr/local/texlive/2026/texmf-dist/tex/generic/pgf/math/pgfint.code.tex)
(/usr/local/texlive/2026/texmf-dist/tex/generic/pgf/basiclayer/pgfcorepoints.co
de.tex
File: pgfcorepoints.code.tex 2026-08-01 v3.1.12 (3.1.12)
\pgf@picminx=\dimen165
\pgf@picmaxx=\dimen166
\pgf@picminy=\dimen167
\pgf@picmaxy=\dimen168
\pgf@pathminx=\dimen169
\pgf@pathmaxx=\dimen170
\pgf@pathminy=\dimen171
\pgf@pathmaxy=\dimen172
\pgf@xx=\dimen173
\pgf@xy=\dimen174
\pgf@yx=\dimen175
\pgf@yy=\dimen176
\pgf@zx=\dimen177
\pgf@zy=\dimen178
)
(/usr/local/texlive/2026/texmf-dist/tex/generic/pgf/basiclayer/pgfcorepathconst
ruct.code.tex
File: pgfcorepathconstruct.code.tex 2026-08-01 v3.1.12 (3.1.12)
\pgf@path@lastx=\dimen179
\pgf@path@lasty=\dimen180
)
(/usr/local/texlive/2026/texmf-dist/tex/generic/pgf/basiclayer/pgfcorepathusage
.code.tex
File: pgfcorepathusage.code.tex 2026-08-01 v3.1.12 (3.1.12)
\pgf@shorten@end@additional=\dimen181
\pgf@shorten@start@additional=\dimen182
)
(/usr/local/texlive/2026/texmf-dist/tex/generic/pgf/basiclayer/pgfcorescopes.co
de.tex
File: pgfcorescopes.code.tex 2026-08-01 v3.1.12 (3.1.12)
\pgfpic=\box55
\pgf@hbox=\box56
\pgf@layerbox@main=\box57
\pgf@picture@serial@count=\count294
)
(/usr/local/texlive/2026/texmf-dist/tex/generic/pgf/basiclayer/pgfcoregraphicst
ate.code.tex
File: pgfcoregraphicstate.code.tex 2026-08-01 v3.1.12 (3.1.12)
\pgflinewidth=\dimen183
)
(/usr/local/texlive/2026/texmf-dist/tex/generic/pgf/basiclayer/pgfcoretransform
ations.code.tex
File: pgfcoretransformations.code.tex 2026-08-01 v3.1.12 (3.1.12)
\pgf@pt@x=\dimen184
\pgf@pt@y=\dimen185
\pgf@pt@temp=\dimen186
)
(/usr/local/texlive/2026/texmf-dist/tex/generic/pgf/basiclayer/pgfcorequick.cod
e.tex
File: pgfcorequick.code.tex 2026-08-01 v3.1.12 (3.1.12)
)
(/usr/local/texlive/2026/texmf-dist/tex/generic/pgf/basiclayer/pgfcoreobjects.c
ode.tex
File: pgfcoreobjects.code.tex 2026-08-01 v3.1.12 (3.1.12)
)
(/usr/local/texlive/2026/texmf-dist/tex/generic/pgf/basiclayer/pgfcorepathproce
ssing.code.tex
File: pgfcorepathprocessing.code.tex 2026-08-01 v3.1.12 (3.1.12)
)
(/usr/local/texlive/2026/texmf-dist/tex/generic/pgf/basiclayer/pgfcorearrows.co
de.tex
File: pgfcorearrows.code.tex 2026-08-01 v3.1.12 (3.1.12)
\pgfarrowsep=\dimen187
)
(/usr/local/texlive/2026/texmf-dist/tex/generic/pgf/basiclayer/pgfcoreshade.cod
e.tex
File: pgfcoreshade.code.tex 2026-08-01 v3.1.12 (3.1.12)
\pgf@max=\dimen188
\pgf@sys@shading@range@num=\count295
\pgf@shadingcount=\count296
)
(/usr/local/texlive/2026/texmf-dist/tex/generic/pgf/basiclayer/pgfcoreimage.cod
e.tex
File: pgfcoreimage.code.tex 2026-08-01 v3.1.12 (3.1.12)
)
(/usr/local/texlive/2026/texmf-dist/tex/generic/pgf/basiclayer/pgfcoreexternal.
code.tex
File: pgfcoreexternal.code.tex 2026-08-01 v3.1.12 (3.1.12)
\pgfexternal@startupbox=\box58
)
(/usr/local/texlive/2026/texmf-dist/tex/generic/pgf/basiclayer/pgfcorelayers.co
de.tex
File: pgfcorelayers.code.tex 2026-08-01 v3.1.12 (3.1.12)
)
(/usr/local/texlive/2026/texmf-dist/tex/generic/pgf/basiclayer/pgfcoretranspare
ncy.code.tex
File: pgfcoretransparency.code.tex 2026-08-01 v3.1.12 (3.1.12)
)
(/usr/local/texlive/2026/texmf-dist/tex/generic/pgf/basiclayer/pgfcorepatterns.
code.tex
File: pgfcorepatterns.code.tex 2026-08-01 v3.1.12 (3.1.12)
)
(/usr/local/texlive/2026/texmf-dist/tex/generic/pgf/basiclayer/pgfcorerdf.code.
tex
File: pgfcorerdf.code.tex 2026-08-01 v3.1.12 (3.1.12)
)))
(/usr/local/texlive/2026/texmf-dist/tex/generic/pgf/modules/pgfmoduleshapes.cod
e.tex
File: pgfmoduleshapes.code.tex 2026-08-01 v3.1.12 (3.1.12)
\pgfnodeparttextbox=\box59
)
(/usr/local/texlive/2026/texmf-dist/tex/generic/pgf/modules/pgfmoduleplot.code.
tex
File: pgfmoduleplot.code.tex 2026-08-01 v3.1.12 (3.1.12)
)
(/usr/local/texlive/2026/texmf-dist/tex/latex/pgf/compatibility/pgfcomp-version
-0-65.sty
Package: pgfcomp-version-0-65 2026-08-01 v3.1.12 (3.1.12)
\pgf@nodesepstart=\dimen189
\pgf@nodesepend=\dimen190
)
(/usr/local/texlive/2026/texmf-dist/tex/latex/pgf/compatibility/pgfcomp-version
-1-18.sty
Package: pgfcomp-version-1-18 2026-08-01 v3.1.12 (3.1.12)
))
(/usr/local/texlive/2026/texmf-dist/tex/latex/pgf/utilities/pgffor.sty
(/usr/local/texlive/2026/texmf-dist/tex/latex/pgf/utilities/pgfkeys.sty
(/usr/local/texlive/2026/texmf-dist/tex/generic/pgf/utilities/pgfkeys.code.tex))
 (/usr/local/texlive/2026/texmf-dist/tex/latex/pgf/math/pgfmath.sty
(/usr/local/texlive/2026/texmf-dist/tex/generic/pgf/math/pgfmath.code.tex))
(/usr/local/texlive/2026/texmf-dist/tex/generic/pgf/utilities/pgffor.code.tex
Package: pgffor 2026-08-01 v3.1.12 (3.1.12)
\pgffor@iter=\dimen191
\pgffor@skip=\dimen192
\pgffor@stack=\toks31
\pgffor@toks=\toks32
))
(/usr/local/texlive/2026/texmf-dist/tex/generic/pgf/frontendlayer/tikz/tikz.cod
e.tex
Package: tikz 2026-08-01 v3.1.12 (3.1.12)

(/usr/local/texlive/2026/texmf-dist/tex/generic/pgf/libraries/pgflibraryplothan
dlers.code.tex
File: pgflibraryplothandlers.code.tex 2026-08-01 v3.1.12 (3.1.12)
\pgf@plot@mark@count=\count297
\pgfplotmarksize=\dimen193
)
\tikz@lastx=\dimen194
\tikz@lasty=\dimen195
\tikz@lastxsaved=\dimen196
\tikz@lastysaved=\dimen197
\tikz@lastmovetox=\dimen198
\tikz@lastmovetoy=\dimen199
\tikzleveldistance=\dimen256
\tikzsiblingdistance=\dimen257
\tikz@figbox=\box60
\tikz@figbox@bg=\box61
\tikz@tempbox=\box62
\tikz@tempbox@bg=\box63
\tikztreelevel=\count298
\tikznumberofchildren=\count299
\tikznumberofcurrentchild=\count300
\tikz@fig@count=\count301

(/usr/local/texlive/2026/texmf-dist/tex/generic/pgf/modules/pgfmodulematrix.cod
e.tex
File: pgfmodulematrix.code.tex 2026-08-01 v3.1.12 (3.1.12)
\pgfmatrixcurrentrow=\count302
\pgfmatrixcurrentcolumn=\count303
\pgf@matrix@numberofcolumns=\count304
)
\tikz@expandcount=\count305

(/usr/local/texlive/2026/texmf-dist/tex/generic/pgf/frontendlayer/tikz/librarie
s/tikzlibrarytopaths.code.tex
File: tikzlibrarytopaths.code.tex 2026-08-01 v3.1.12 (3.1.12)
)))
\sa@box=\box64
)
(/home/jasper/texmf/tex/latex/lua-tikz3dtools/src/lua-tikz3dtools.sty
Package: lua-tikz3dtools 2026/09/14 v3.5.1  LuaLaTeX package for 3D illustratio
ns in TikZ. 
Lua function  = 32
Lua function __lua_tikztdtools_appendsurface: = 33
Lua function __lua_tikztdtools_appendtriangle: = 34
Lua function __lua_tikztdtools_appendlabel: = 35
Lua function __lua_tikztdtools_appendlight: = 36
Lua function __lua_tikztdtools_appendcurve: = 37
Lua function __lua_tikztdtools_appendsolid: = 38
Lua function __lua_tikztdtools_displaysimplices: = 39
Lua function __lua_tikztdtools_setobject: = 40)
(/usr/local/texlive/2026/texmf-dist/tex/latex/l3backend/l3backend-luatex.def
File: l3backend-luatex.def 2026-07-20 L3 backend support: PDF output (LuaTeX)
\l__color_backend_stack_int=\count306
Inserting `l3color' in `luaotfload.parse_color'.)
(./source.aux)
\openout1 = source.aux

LaTeX Font Info:    Checking defaults for OML/cmm/m/it on input line 6.
LaTeX Font Info:    ... okay on input line 6.
LaTeX Font Info:    Checking defaults for OMS/cmsy/m/n on input line 6.
LaTeX Font Info:    ... okay on input line 6.
LaTeX Font Info:    Checking defaults for OT1/cmr/m/n on input line 6.
LaTeX Font Info:    ... okay on input line 6.
LaTeX Font Info:    Checking defaults for T1/cmr/m/n on input line 6.
LaTeX Font Info:    ... okay on input line 6.
LaTeX Font Info:    Checking defaults for TS1/cmr/m/n on input line 6.
LaTeX Font Info:    ... okay on input line 6.
LaTeX Font Info:    Checking defaults for TU/lmr/m/n on input line 6.
LaTeX Font Info:    ... okay on input line 6.
LaTeX Font Info:    Checking defaults for OMX/cmex/m/n on input line 6.
LaTeX Font Info:    ... okay on input line 6.
LaTeX Font Info:    Checking defaults for U/cmr/m/n on input line 6.
LaTeX Font Info:    ... okay on input line 6.

(/usr/local/texlive/2026/texmf-dist/tex/context/base/mkii/supp-pdf.mkii
[Loading MPS to PDF converter (version 2006.09.02).]
\scratchcounter=\count307
\scratchdimen=\dimen258
\scratchbox=\box65
\nofMPsegments=\count308
\nofMParguments=\count309
\everyMPshowfont=\toks33
\MPscratchCnt=\count310
\MPscratchDim=\dimen259
\MPnumerator=\count311
\makeMPintoPDFobject=\count312
\everyMPtoPDFconversion=\toks34
) (/usr/local/texlive/2026/texmf-dist/tex/latex/epstopdf-pkg/epstopdf-base.sty
Package: epstopdf-base 2020-01-24 v2.11 Base part for package epstopdf
Package epstopdf-base Info: Redefining graphics rule for `.eps' on input line 4
85.

(/usr/local/texlive/2026/texmf-dist/tex/latex/latexconfig/epstopdf-sys.cfg
File: epstopdf-sys.cfg 2010/07/13 v1.3 Configuration of (r)epstopdf for TeX Liv
e
))
Time:20:01:46 Displaying 1830 simplices.
Time:20:01:49 Partitioning changed 1830 to 1832 simplices.
Inserting `lua-tikz3dtools.virtualfile.find_read_file' in `find_read_file'.
Inserting `lua-tikz3dtools.virtualfile.open_read_file' in `open_read_file'.
(lua-tikz3dtools-virtual-1.tex)
Removing  `lua-tikz3dtools.virtualfile.open_read_file' from `open_read_file'.
Removing  `lua-tikz3dtools.virtualfile.find_read_file' from `find_read_file'. [
1


Non-PDF special ignored!]
Time:20:01:54 Displaying 1830 simplices.
Inserting `lua-tikz3dtools.virtualfile.find_read_file' in `find_read_file'.
Inserting `lua-tikz3dtools.virtualfile.open_read_file' in `open_read_file'. (lu
a-tikz3dtools-virtual-2.tex)
Removing  `lua-tikz3dtools.virtualfile.open_read_file' from `open_read_file'.
Removing  `lua-tikz3dtools.virtualfile.find_read_file' from `find_read_file'.
[2
Non-PDF special ignored!]
Time:20:02:01 Displaying 1830 simplices.
Inserting `lua-tikz3dtools.virtualfile.find_read_file' in `find_read_file'.
Inserting `lua-tikz3dtools.virtualfile.open_read_file' in `open_read_file'. (lu
a-tikz3dtools-virtual-3.tex)
Removing  `lua-tikz3dtools.virtualfile.open_read_file' from `open_read_file'.
Removing  `lua-tikz3dtools.virtualfile.find_read_file' from `find_read_file'.
[3
Non-PDF special ignored!]
Time:20:02:09 Displaying 1830 simplices.
Inserting `lua-tikz3dtools.virtualfile.find_read_file' in `find_read_file'.
Inserting `lua-tikz3dtools.virtualfile.open_read_file' in `open_read_file'. (lu
a-tikz3dtools-virtual-4.tex)
Removing  `lua-tikz3dtools.virtualfile.open_read_file' from `open_read_file'.
Removing  `lua-tikz3dtools.virtualfile.find_read_file' from `find_read_file'.
[4
Non-PDF special ignored!]
Time:20:02:16 Displaying 1830 simplices.
Inserting `lua-tikz3dtools.virtualfile.find_read_file' in `find_read_file'.
Inserting `lua-tikz3dtools.virtualfile.open_read_file' in `open_read_file'. (lu
a-tikz3dtools-virtual-5.tex)
Removing  `lua-tikz3dtools.virtualfile.open_read_file' from `open_read_file'.
Removing  `lua-tikz3dtools.virtualfile.find_read_file' from `find_read_file'.
[5
Non-PDF special ignored!]
Time:20:02:23 Displaying 1830 simplices.
Inserting `lua-tikz3dtools.virtualfile.find_read_file' in `find_read_file'.
Inserting `lua-tikz3dtools.virtualfile.open_read_file' in `open_read_file'. (lu
a-tikz3dtools-virtual-6.tex)
Removing  `lua-tikz3dtools.virtualfile.open_read_file' from `open_read_file'.
Removing  `lua-tikz3dtools.virtualfile.find_read_file' from `find_read_file'.
[6
Non-PDF special ignored!]
Time:20:02:30 Displaying 1830 simplices.
Inserting `lua-tikz3dtools.virtualfile.find_read_file' in `find_read_file'.
Inserting `lua-tikz3dtools.virtualfile.open_read_file' in `open_read_file'. (lu
a-tikz3dtools-virtual-7.tex)
Removing  `lua-tikz3dtools.virtualfile.open_read_file' from `open_read_file'.
Removing  `lua-tikz3dtools.virtualfile.find_read_file' from `find_read_file'.
[7
Non-PDF special ignored!]
Time:20:02:37 Displaying 1830 simplices.
Inserting `lua-tikz3dtools.virtualfile.find_read_file' in `find_read_file'.
Inserting `lua-tikz3dtools.virtualfile.open_read_file' in `open_read_file'. (lu
a-tikz3dtools-virtual-8.tex)
Removing  `lua-tikz3dtools.virtualfile.open_read_file' from `open_read_file'.
Removing  `lua-tikz3dtools.virtualfile.find_read_file' from `find_read_file'.
[8
Non-PDF special ignored!]
Time:20:02:44 Displaying 1830 simplices.
Inserting `lua-tikz3dtools.virtualfile.find_read_file' in `find_read_file'.
Inserting `lua-tikz3dtools.virtualfile.open_read_file' in `open_read_file'. (lu
a-tikz3dtools-virtual-9.tex)
Removing  `lua-tikz3dtools.virtualfile.open_read_file' from `open_read_file'.
Removing  `lua-tikz3dtools.virtualfile.find_read_file' from `find_read_file'.
[9
Non-PDF special ignored!]
Time:20:02:51 Displaying 1830 simplices.
Inserting `lua-tikz3dtools.virtualfile.find_read_file' in `find_read_file'.
Inserting `lua-tikz3dtools.virtualfile.open_read_file' in `open_read_file'. (lu
a-tikz3dtools-virtual-10.tex)
Removing  `lua-tikz3dtools.virtualfile.open_read_file' from `open_read_file'.
Removing  `lua-tikz3dtools.virtualfile.find_read_file' from `find_read_file'.
[10
Non-PDF special ignored!]
Time:20:02:58 Displaying 1830 simplices.
Inserting `lua-tikz3dtools.virtualfile.find_read_file' in `find_read_file'.
Inserting `lua-tikz3dtools.virtualfile.open_read_file' in `open_read_file'. (lu
a-tikz3dtools-virtual-11.tex)
Removing  `lua-tikz3dtools.virtualfile.open_read_file' from `open_read_file'.
Removing  `lua-tikz3dtools.virtualfile.find_read_file' from `find_read_file'.
[11
Non-PDF special ignored!]
Time:20:03:05 Displaying 1830 simplices.
Inserting `lua-tikz3dtools.virtualfile.find_read_file' in `find_read_file'.
Inserting `lua-tikz3dtools.virtualfile.open_read_file' in `open_read_file'. (lu
a-tikz3dtools-virtual-12.tex)
Removing  `lua-tikz3dtools.virtualfile.open_read_file' from `open_read_file'.
Removing  `lua-tikz3dtools.virtualfile.find_read_file' from `find_read_file'.
[12
Non-PDF special ignored!]
Time:20:03:12 Displaying 1830 simplices.
Inserting `lua-tikz3dtools.virtualfile.find_read_file' in `find_read_file'.
Inserting `lua-tikz3dtools.virtualfile.open_read_file' in `open_read_file'. (lu
a-tikz3dtools-virtual-13.tex)
Removing  `lua-tikz3dtools.virtualfile.open_read_file' from `open_read_file'.
Removing  `lua-tikz3dtools.virtualfile.find_read_file' from `find_read_file'.
[13
Non-PDF special ignored!]
Time:20:03:19 Displaying 1830 simplices.
Inserting `lua-tikz3dtools.virtualfile.find_read_file' in `find_read_file'.
Inserting `lua-tikz3dtools.virtualfile.open_read_file' in `open_read_file'. (lu
a-tikz3dtools-virtual-14.tex)
Removing  `lua-tikz3dtools.virtualfile.open_read_file' from `open_read_file'.
Removing  `lua-tikz3dtools.virtualfile.find_read_file' from `find_read_file'.
[14
Non-PDF special ignored!]
Time:20:03:26 Displaying 1830 simplices.
Inserting `lua-tikz3dtools.virtualfile.find_read_file' in `find_read_file'.
Inserting `lua-tikz3dtools.virtualfile.open_read_file' in `open_read_file'. (lu
a-tikz3dtools-virtual-15.tex)
Removing  `lua-tikz3dtools.virtualfile.open_read_file' from `open_read_file'.
Removing  `lua-tikz3dtools.virtualfile.find_read_file' from `find_read_file'.
[15
Non-PDF special ignored!]
Time:20:03:33 Displaying 1830 simplices.
Inserting `lua-tikz3dtools.virtualfile.find_read_file' in `find_read_file'.
Inserting `lua-tikz3dtools.virtualfile.open_read_file' in `open_read_file'. (lu
a-tikz3dtools-virtual-16.tex)
Removing  `lua-tikz3dtools.virtualfile.open_read_file' from `open_read_file'.
Removing  `lua-tikz3dtools.virtualfile.find_read_file' from `find_read_file'.
[16
Non-PDF special ignored!]
Time:20:03:39 Displaying 1830 simplices.
Inserting `lua-tikz3dtools.virtualfile.find_read_file' in `find_read_file'.
Inserting `lua-tikz3dtools.virtualfile.open_read_file' in `open_read_file'. (lu
a-tikz3dtools-virtual-17.tex)
Removing  `lua-tikz3dtools.virtualfile.open_read_file' from `open_read_file'.
Removing  `lua-tikz3dtools.virtualfile.find_read_file' from `find_read_file'.
[17
Non-PDF special ignored!]
Time:20:03:46 Displaying 1830 simplices.
Inserting `lua-tikz3dtools.virtualfile.find_read_file' in `find_read_file'.
Inserting `lua-tikz3dtools.virtualfile.open_read_file' in `open_read_file'. (lu
a-tikz3dtools-virtual-18.tex)
Removing  `lua-tikz3dtools.virtualfile.open_read_file' from `open_read_file'.
Removing  `lua-tikz3dtools.virtualfile.find_read_file' from `find_read_file'.
[18
Non-PDF special ignored!]
Time:20:03:53 Displaying 1830 simplices.
Inserting `lua-tikz3dtools.virtualfile.find_read_file' in `find_read_file'.
Inserting `lua-tikz3dtools.virtualfile.open_read_file' in `open_read_file'. (lu
a-tikz3dtools-virtual-19.tex)
Removing  `lua-tikz3dtools.virtualfile.open_read_file' from `open_read_file'.
Removing  `lua-tikz3dtools.virtualfile.find_read_file' from `find_read_file'.
[19
Non-PDF special ignored!]
Time:20:03:59 Displaying 1830 simplices.
Time:20:04:03 Partitioning changed 1830 to 1833 simplices.
Inserting `lua-tikz3dtools.virtualfile.find_read_file' in `find_read_file'.
Inserting `lua-tikz3dtools.virtualfile.open_read_file' in `open_read_file'.
(lua-tikz3dtools-virtual-20.tex)
Removing  `lua-tikz3dtools.virtualfile.open_read_file' from `open_read_file'.
Removing  `lua-tikz3dtools.virtualfile.find_read_file' from `find_read_file'. [
20
Non-PDF special ignored!]
Time:20:04:06 Displaying 1830 simplices.
Inserting `lua-tikz3dtools.virtualfile.find_read_file' in `find_read_file'.
Inserting `lua-tikz3dtools.virtualfile.open_read_file' in `open_read_file'. (lu
a-tikz3dtools-virtual-21.tex)
Removing  `lua-tikz3dtools.virtualfile.open_read_file' from `open_read_file'.
Removing  `lua-tikz3dtools.virtualfile.find_read_file' from `find_read_file'.
[21
Non-PDF special ignored!]
Time:20:04:12 Displaying 1830 simplices.
Inserting `lua-tikz3dtools.virtualfile.find_read_file' in `find_read_file'.
Inserting `lua-tikz3dtools.virtualfile.open_read_file' in `open_read_file'. (lu
a-tikz3dtools-virtual-22.tex)
Removing  `lua-tikz3dtools.virtualfile.open_read_file' from `open_read_file'.
Removing  `lua-tikz3dtools.virtualfile.find_read_file' from `find_read_file'.
[22
Non-PDF special ignored!]
Time:20:04:19 Displaying 1830 simplices.
Inserting `lua-tikz3dtools.virtualfile.find_read_file' in `find_read_file'.
Inserting `lua-tikz3dtools.virtualfile.open_read_file' in `open_read_file'. (lu
a-tikz3dtools-virtual-23.tex)
Removing  `lua-tikz3dtools.virtualfile.open_read_file' from `open_read_file'.
Removing  `lua-tikz3dtools.virtualfile.find_read_file' from `find_read_file'.
[23
Non-PDF special ignored!]
Time:20:04:26 Displaying 1830 simplices.
Inserting `lua-tikz3dtools.virtualfile.find_read_file' in `find_read_file'.
Inserting `lua-tikz3dtools.virtualfile.open_read_file' in `open_read_file'. (lu
a-tikz3dtools-virtual-24.tex)
Removing  `lua-tikz3dtools.virtualfile.open_read_file' from `open_read_file'.
Removing  `lua-tikz3dtools.virtualfile.find_read_file' from `find_read_file'.
[24
Non-PDF special ignored!]
Time:20:04:33 Displaying 1830 simplices.
Inserting `lua-tikz3dtools.virtualfile.find_read_file' in `find_read_file'.
Inserting `lua-tikz3dtools.virtualfile.open_read_file' in `open_read_file'. (lu
a-tikz3dtools-virtual-25.tex)
Removing  `lua-tikz3dtools.virtualfile.open_read_file' from `open_read_file'.
Removing  `lua-tikz3dtools.virtualfile.find_read_file' from `find_read_file'.
[25
Non-PDF special ignored!]
Time:20:04:40 Displaying 1830 simplices.
Inserting `lua-tikz3dtools.virtualfile.find_read_file' in `find_read_file'.
Inserting `lua-tikz3dtools.virtualfile.open_read_file' in `open_read_file'. (lu
a-tikz3dtools-virtual-26.tex)
Removing  `lua-tikz3dtools.virtualfile.open_read_file' from `open_read_file'.
Removing  `lua-tikz3dtools.virtualfile.find_read_file' from `find_read_file'.
[26
Non-PDF special ignored!]
Time:20:04:46 Displaying 1830 simplices.
Inserting `lua-tikz3dtools.virtualfile.find_read_file' in `find_read_file'.
Inserting `lua-tikz3dtools.virtualfile.open_read_file' in `open_read_file'. (lu
a-tikz3dtools-virtual-27.tex)
Removing  `lua-tikz3dtools.virtualfile.open_read_file' from `open_read_file'.
Removing  `lua-tikz3dtools.virtualfile.find_read_file' from `find_read_file'.
[27
Non-PDF special ignored!]
Time:20:04:53 Displaying 1830 simplices.
Inserting `lua-tikz3dtools.virtualfile.find_read_file' in `find_read_file'.
Inserting `lua-tikz3dtools.virtualfile.open_read_file' in `open_read_file'. (lu
a-tikz3dtools-virtual-28.tex)
Removing  `lua-tikz3dtools.virtualfile.open_read_file' from `open_read_file'.
Removing  `lua-tikz3dtools.virtualfile.find_read_file' from `find_read_file'.
[28
Non-PDF special ignored!]
Time:20:05:00 Displaying 1830 simplices.
Inserting `lua-tikz3dtools.virtualfile.find_read_file' in `find_read_file'.
Inserting `lua-tikz3dtools.virtualfile.open_read_file' in `open_read_file'. (lu
a-tikz3dtools-virtual-29.tex)
Removing  `lua-tikz3dtools.virtualfile.open_read_file' from `open_read_file'.
Removing  `lua-tikz3dtools.virtualfile.find_read_file' from `find_read_file'.
[29
Non-PDF special ignored!]
Time:20:05:07 Displaying 1830 simplices.
Inserting `lua-tikz3dtools.virtualfile.find_read_file' in `find_read_file'.
Inserting `lua-tikz3dtools.virtualfile.open_read_file' in `open_read_file'. (lu
a-tikz3dtools-virtual-30.tex)
Removing  `lua-tikz3dtools.virtualfile.open_read_file' from `open_read_file'.
Removing  `lua-tikz3dtools.virtualfile.find_read_file' from `find_read_file'.
[30
Non-PDF special ignored!]
Time:20:05:14 Displaying 1830 simplices.
Inserting `lua-tikz3dtools.virtualfile.find_read_file' in `find_read_file'.
Inserting `lua-tikz3dtools.virtualfile.open_read_file' in `open_read_file'. (lu
a-tikz3dtools-virtual-31.tex)
Removing  `lua-tikz3dtools.virtualfile.open_read_file' from `open_read_file'.
Removing  `lua-tikz3dtools.virtualfile.find_read_file' from `find_read_file'.
[31
Non-PDF special ignored!]
Time:20:05:21 Displaying 1830 simplices.
Inserting `lua-tikz3dtools.virtualfile.find_read_file' in `find_read_file'.
Inserting `lua-tikz3dtools.virtualfile.open_read_file' in `open_read_file'. (lu
a-tikz3dtools-virtual-32.tex)
Removing  `lua-tikz3dtools.virtualfile.open_read_file' from `open_read_file'.
Removing  `lua-tikz3dtools.virtualfile.find_read_file' from `find_read_file'.
[32
Non-PDF special ignored!]
Time:20:05:28 Displaying 1830 simplices.
Inserting `lua-tikz3dtools.virtualfile.find_read_file' in `find_read_file'.
Inserting `lua-tikz3dtools.virtualfile.open_read_file' in `open_read_file'. (lu
a-tikz3dtools-virtual-33.tex)
Removing  `lua-tikz3dtools.virtualfile.open_read_file' from `open_read_file'.
Removing  `lua-tikz3dtools.virtualfile.find_read_file' from `find_read_file'.
[33
Non-PDF special ignored!]
Time:20:05:35 Displaying 1830 simplices.
Inserting `lua-tikz3dtools.virtualfile.find_read_file' in `find_read_file'.
Inserting `lua-tikz3dtools.virtualfile.open_read_file' in `open_read_file'. (lu
a-tikz3dtools-virtual-34.tex)
Removing  `lua-tikz3dtools.virtualfile.open_read_file' from `open_read_file'.
Removing  `lua-tikz3dtools.virtualfile.find_read_file' from `find_read_file'.
[34
Non-PDF special ignored!]
Time:20:05:42 Displaying 1830 simplices.
Inserting `lua-tikz3dtools.virtualfile.find_read_file' in `find_read_file'.
Inserting `lua-tikz3dtools.virtualfile.open_read_file' in `open_read_file'. (lu
a-tikz3dtools-virtual-35.tex)
Removing  `lua-tikz3dtools.virtualfile.open_read_file' from `open_read_file'.
Removing  `lua-tikz3dtools.virtualfile.find_read_file' from `find_read_file'.
[35
Non-PDF special ignored!]
Time:20:05:49 Displaying 1830 simplices.
Inserting `lua-tikz3dtools.virtualfile.find_read_file' in `find_read_file'.
Inserting `lua-tikz3dtools.virtualfile.open_read_file' in `open_read_file'. (lu
a-tikz3dtools-virtual-36.tex)
Removing  `lua-tikz3dtools.virtualfile.open_read_file' from `open_read_file'.
Removing  `lua-tikz3dtools.virtualfile.find_read_file' from `find_read_file'.
[36
Non-PDF special ignored!]
Time:20:05:56 Displaying 1830 simplices.
Inserting `lua-tikz3dtools.virtualfile.find_read_file' in `find_read_file'.
Inserting `lua-tikz3dtools.virtualfile.open_read_file' in `open_read_file'. (lu
a-tikz3dtools-virtual-37.tex)
Removing  `lua-tikz3dtools.virtualfile.open_read_file' from `open_read_file'.
Removing  `lua-tikz3dtools.virtualfile.find_read_file' from `find_read_file'.
[37
Non-PDF special ignored!]
Time:20:06:03 Displaying 1830 simplices.
Inserting `lua-tikz3dtools.virtualfile.find_read_file' in `find_read_file'.
Inserting `lua-tikz3dtools.virtualfile.open_read_file' in `open_read_file'. (lu
a-tikz3dtools-virtual-38.tex)
Removing  `lua-tikz3dtools.virtualfile.open_read_file' from `open_read_file'.
Removing  `lua-tikz3dtools.virtualfile.find_read_file' from `find_read_file'.
[38
Non-PDF special ignored!]
Time:20:06:10 Displaying 1830 simplices.
Inserting `lua-tikz3dtools.virtualfile.find_read_file' in `find_read_file'.
Inserting `lua-tikz3dtools.virtualfile.open_read_file' in `open_read_file'. (lu
a-tikz3dtools-virtual-39.tex)
Removing  `lua-tikz3dtools.virtualfile.open_read_file' from `open_read_file'.
Removing  `lua-tikz3dtools.virtualfile.find_read_file' from `find_read_file'.
[39
Non-PDF special ignored!]
Time:20:06:17 Displaying 1830 simplices.
Time:20:06:20 Partitioning changed 1830 to 1835 simplices.
Inserting `lua-tikz3dtools.virtualfile.find_read_file' in `find_read_file'.
Inserting `lua-tikz3dtools.virtualfile.open_read_file' in `open_read_file'.
(lua-tikz3dtools-virtual-40.tex)
Removing  `lua-tikz3dtools.virtualfile.open_read_file' from `open_read_file'.
Removing  `lua-tikz3dtools.virtualfile.find_read_file' from `find_read_file'. [
40
Non-PDF special ignored!]
Time:20:06:24 Displaying 1830 simplices.
Time:20:06:27 Partitioning changed 1830 to 1833 simplices.
Inserting `lua-tikz3dtools.virtualfile.find_read_file' in `find_read_file'.
Inserting `lua-tikz3dtools.virtualfile.open_read_file' in `open_read_file'.
(lua-tikz3dtools-virtual-41.tex)
Removing  `lua-tikz3dtools.virtualfile.open_read_file' from `open_read_file'.
Removing  `lua-tikz3dtools.virtualfile.find_read_file' from `find_read_file'. [
41
Non-PDF special ignored!]
Time:20:06:30 Displaying 1830 simplices.
Inserting `lua-tikz3dtools.virtualfile.find_read_file' in `find_read_file'.
Inserting `lua-tikz3dtools.virtualfile.open_read_file' in `open_read_file'. (lu
a-tikz3dtools-virtual-42.tex)
Removing  `lua-tikz3dtools.virtualfile.open_read_file' from `open_read_file'.
Removing  `lua-tikz3dtools.virtualfile.find_read_file' from `find_read_file'.
[42
Non-PDF special ignored!]
Time:20:06:37 Displaying 1830 simplices.
Time:20:06:40 Partitioning changed 1830 to 1833 simplices.
Inserting `lua-tikz3dtools.virtualfile.find_read_file' in `find_read_file'.
Inserting `lua-tikz3dtools.virtualfile.open_read_file' in `open_read_file'.
(lua-tikz3dtools-virtual-43.tex)
Removing  `lua-tikz3dtools.virtualfile.open_read_file' from `open_read_file'.
Removing  `lua-tikz3dtools.virtualfile.find_read_file' from `find_read_file'. [
43
Non-PDF special ignored!]
Time:20:06:44 Displaying 1830 simplices.
Inserting `lua-tikz3dtools.virtualfile.find_read_file' in `find_read_file'.
Inserting `lua-tikz3dtools.virtualfile.open_read_file' in `open_read_file'. (lu
a-tikz3dtools-virtual-44.tex)
Removing  `lua-tikz3dtools.virtualfile.open_read_file' from `open_read_file'.
Removing  `lua-tikz3dtools.virtualfile.find_read_file' from `find_read_file'.
[44
Non-PDF special ignored!]
Time:20:06:51 Displaying 1830 simplices.
Inserting `lua-tikz3dtools.virtualfile.find_read_file' in `find_read_file'.
Inserting `lua-tikz3dtools.virtualfile.open_read_file' in `open_read_file'. (lu
a-tikz3dtools-virtual-45.tex)
Removing  `lua-tikz3dtools.virtualfile.open_read_file' from `open_read_file'.
Removing  `lua-tikz3dtools.virtualfile.find_read_file' from `find_read_file'.
[45
Non-PDF special ignored!]
Time:20:06:59 Displaying 1830 simplices.
Inserting `lua-tikz3dtools.virtualfile.find_read_file' in `find_read_file'.
Inserting `lua-tikz3dtools.virtualfile.open_read_file' in `open_read_file'. (lu
a-tikz3dtools-virtual-46.tex)
Removing  `lua-tikz3dtools.virtualfile.open_read_file' from `open_read_file'.
Removing  `lua-tikz3dtools.virtualfile.find_read_file' from `find_read_file'.
[46
Non-PDF special ignored!]
Time:20:07:06 Displaying 1830 simplices.
Inserting `lua-tikz3dtools.virtualfile.find_read_file' in `find_read_file'.
Inserting `lua-tikz3dtools.virtualfile.open_read_file' in `open_read_file'. (lu
a-tikz3dtools-virtual-47.tex)
Removing  `lua-tikz3dtools.virtualfile.open_read_file' from `open_read_file'.
Removing  `lua-tikz3dtools.virtualfile.find_read_file' from `find_read_file'.
[47
Non-PDF special ignored!]
Time:20:07:13 Displaying 1830 simplices.
Inserting `lua-tikz3dtools.virtualfile.find_read_file' in `find_read_file'.
Inserting `lua-tikz3dtools.virtualfile.open_read_file' in `open_read_file'. (lu
a-tikz3dtools-virtual-48.tex)
Removing  `lua-tikz3dtools.virtualfile.open_read_file' from `open_read_file'.
Removing  `lua-tikz3dtools.virtualfile.find_read_file' from `find_read_file'.
[48
Non-PDF special ignored!]
Time:20:07:21 Displaying 1830 simplices.
Inserting `lua-tikz3dtools.virtualfile.find_read_file' in `find_read_file'.
Inserting `lua-tikz3dtools.virtualfile.open_read_file' in `open_read_file'. (lu
a-tikz3dtools-virtual-49.tex)
Removing  `lua-tikz3dtools.virtualfile.open_read_file' from `open_read_file'.
Removing  `lua-tikz3dtools.virtualfile.find_read_file' from `find_read_file'.
[49
Non-PDF special ignored!]
Time:20:07:28 Displaying 1830 simplices.
Inserting `lua-tikz3dtools.virtualfile.find_read_file' in `find_read_file'.
Inserting `lua-tikz3dtools.virtualfile.open_read_file' in `open_read_file'. (lu
a-tikz3dtools-virtual-50.tex)
Removing  `lua-tikz3dtools.virtualfile.open_read_file' from `open_read_file'.
Removing  `lua-tikz3dtools.virtualfile.find_read_file' from `find_read_file'.
[50
Non-PDF special ignored!]
Time:20:07:36 Displaying 1830 simplices.
Inserting `lua-tikz3dtools.virtualfile.find_read_file' in `find_read_file'.
Inserting `lua-tikz3dtools.virtualfile.open_read_file' in `open_read_file'. (lu
a-tikz3dtools-virtual-51.tex)
Removing  `lua-tikz3dtools.virtualfile.open_read_file' from `open_read_file'.
Removing  `lua-tikz3dtools.virtualfile.find_read_file' from `find_read_file'.
[51
Non-PDF special ignored!]
Time:20:07:43 Displaying 1830 simplices.
Inserting `lua-tikz3dtools.virtualfile.find_read_file' in `find_read_file'.
Inserting `lua-tikz3dtools.virtualfile.open_read_file' in `open_read_file'. (lu
a-tikz3dtools-virtual-52.tex)
Removing  `lua-tikz3dtools.virtualfile.open_read_file' from `open_read_file'.
Removing  `lua-tikz3dtools.virtualfile.find_read_file' from `find_read_file'.
[52
Non-PDF special ignored!]
Time:20:07:51 Displaying 1830 simplices.
Inserting `lua-tikz3dtools.virtualfile.find_read_file' in `find_read_file'.
Inserting `lua-tikz3dtools.virtualfile.open_read_file' in `open_read_file'. (lu
a-tikz3dtools-virtual-53.tex)
Removing  `lua-tikz3dtools.virtualfile.open_read_file' from `open_read_file'.
Removing  `lua-tikz3dtools.virtualfile.find_read_file' from `find_read_file'.
[53
Non-PDF special ignored!]
Time:20:07:59 Displaying 1830 simplices.
Inserting `lua-tikz3dtools.virtualfile.find_read_file' in `find_read_file'.
Inserting `lua-tikz3dtools.virtualfile.open_read_file' in `open_read_file'. (lu
a-tikz3dtools-virtual-54.tex)
Removing  `lua-tikz3dtools.virtualfile.open_read_file' from `open_read_file'.
Removing  `lua-tikz3dtools.virtualfile.find_read_file' from `find_read_file'.
[54
Non-PDF special ignored!]
Time:20:08:06 Displaying 1830 simplices.
Inserting `lua-tikz3dtools.virtualfile.find_read_file' in `find_read_file'.
Inserting `lua-tikz3dtools.virtualfile.open_read_file' in `open_read_file'. (lu
a-tikz3dtools-virtual-55.tex)
Removing  `lua-tikz3dtools.virtualfile.open_read_file' from `open_read_file'.
Removing  `lua-tikz3dtools.virtualfile.find_read_file' from `find_read_file'.
[55
Non-PDF special ignored!]
Time:20:08:14 Displaying 1830 simplices.
Inserting `lua-tikz3dtools.virtualfile.find_read_file' in `find_read_file'.
Inserting `lua-tikz3dtools.virtualfile.open_read_file' in `open_read_file'. (lu
a-tikz3dtools-virtual-56.tex)
Removing  `lua-tikz3dtools.virtualfile.open_read_file' from `open_read_file'.
Removing  `lua-tikz3dtools.virtualfile.find_read_file' from `find_read_file'.
[56
Non-PDF special ignored!]
Time:20:08:21 Displaying 1830 simplices.
Inserting `lua-tikz3dtools.virtualfile.find_read_file' in `find_read_file'.
Inserting `lua-tikz3dtools.virtualfile.open_read_file' in `open_read_file'. (lu
a-tikz3dtools-virtual-57.tex)
Removing  `lua-tikz3dtools.virtualfile.open_read_file' from `open_read_file'.
Removing  `lua-tikz3dtools.virtualfile.find_read_file' from `find_read_file'.
[57
Non-PDF special ignored!]
Time:20:08:29 Displaying 1830 simplices.
Time:20:08:32 Partitioning changed 1830 to 1831 simplices.
Inserting `lua-tikz3dtools.virtualfile.find_read_file' in `find_read_file'.
Inserting `lua-tikz3dtools.virtualfile.open_read_file' in `open_read_file'.
(lua-tikz3dtools-virtual-58.tex)
Removing  `lua-tikz3dtools.virtualfile.open_read_file' from `open_read_file'.
Removing  `lua-tikz3dtools.virtualfile.find_read_file' from `find_read_file'. [
58
Non-PDF special ignored!]
Time:20:08:36 Displaying 1830 simplices.
Inserting `lua-tikz3dtools.virtualfile.find_read_file' in `find_read_file'.
Inserting `lua-tikz3dtools.virtualfile.open_read_file' in `open_read_file'. (lu
a-tikz3dtools-virtual-59.tex)
Removing  `lua-tikz3dtools.virtualfile.open_read_file' from `open_read_file'.
Removing  `lua-tikz3dtools.virtualfile.find_read_file' from `find_read_file'.
[59
Non-PDF special ignored!]
Time:20:08:44 Displaying 1830 simplices.
Time:20:08:47 Partitioning changed 1830 to 1831 simplices.
Inserting `lua-tikz3dtools.virtualfile.find_read_file' in `find_read_file'.
Inserting `lua-tikz3dtools.virtualfile.open_read_file' in `open_read_file'.
(lua-tikz3dtools-virtual-60.tex)
Removing  `lua-tikz3dtools.virtualfile.open_read_file' from `open_read_file'.
Removing  `lua-tikz3dtools.virtualfile.find_read_file' from `find_read_file'. [
60
Non-PDF special ignored!]
Time:20:08:51 Displaying 1830 simplices.
Time:20:08:54 Partitioning changed 1830 to 1836 simplices.
Inserting `lua-tikz3dtools.virtualfile.find_read_file' in `find_read_file'.
Inserting `lua-tikz3dtools.virtualfile.open_read_file' in `open_read_file'.
(lua-tikz3dtools-virtual-61.tex)
Removing  `lua-tikz3dtools.virtualfile.open_read_file' from `open_read_file'.
Removing  `lua-tikz3dtools.virtualfile.find_read_file' from `find_read_file'. [
61
Non-PDF special ignored!]
Time:20:08:58 Displaying 1830 simplices.
Inserting `lua-tikz3dtools.virtualfile.find_read_file' in `find_read_file'.
Inserting `lua-tikz3dtools.virtualfile.open_read_file' in `open_read_file'. (lu
a-tikz3dtools-virtual-62.tex)
Removing  `lua-tikz3dtools.virtualfile.open_read_file' from `open_read_file'.
Removing  `lua-tikz3dtools.virtualfile.find_read_file' from `find_read_file'.
[62
Non-PDF special ignored!]
Time:20:09:06 Displaying 1830 simplices.
Inserting `lua-tikz3dtools.virtualfile.find_read_file' in `find_read_file'.
Inserting `lua-tikz3dtools.virtualfile.open_read_file' in `open_read_file'. (lu
a-tikz3dtools-virtual-63.tex)
Removing  `lua-tikz3dtools.virtualfile.open_read_file' from `open_read_file'.
Removing  `lua-tikz3dtools.virtualfile.find_read_file' from `find_read_file'.
[63
Non-PDF special ignored!]
Time:20:09:13 Displaying 1830 simplices.
Inserting `lua-tikz3dtools.virtualfile.find_read_file' in `find_read_file'.
Inserting `lua-tikz3dtools.virtualfile.open_read_file' in `open_read_file'. (lu
a-tikz3dtools-virtual-64.tex)
Removing  `lua-tikz3dtools.virtualfile.open_read_file' from `open_read_file'.
Removing  `lua-tikz3dtools.virtualfile.find_read_file' from `find_read_file'.
[64
Non-PDF special ignored!]
Time:20:09:20 Displaying 1830 simplices.
Inserting `lua-tikz3dtools.virtualfile.find_read_file' in `find_read_file'.
Inserting `lua-tikz3dtools.virtualfile.open_read_file' in `open_read_file'. (lu
a-tikz3dtools-virtual-65.tex)
Removing  `lua-tikz3dtools.virtualfile.open_read_file' from `open_read_file'.
Removing  `lua-tikz3dtools.virtualfile.find_read_file' from `find_read_file'.
[65
Non-PDF special ignored!]
Time:20:09:28 Displaying 1830 simplices.
Inserting `lua-tikz3dtools.virtualfile.find_read_file' in `find_read_file'.
Inserting `lua-tikz3dtools.virtualfile.open_read_file' in `open_read_file'. (lu
a-tikz3dtools-virtual-66.tex)
Removing  `lua-tikz3dtools.virtualfile.open_read_file' from `open_read_file'.
Removing  `lua-tikz3dtools.virtualfile.find_read_file' from `find_read_file'.
[66
Non-PDF special ignored!]
Time:20:09:35 Displaying 1830 simplices.
Inserting `lua-tikz3dtools.virtualfile.find_read_file' in `find_read_file'.
Inserting `lua-tikz3dtools.virtualfile.open_read_file' in `open_read_file'. (lu
a-tikz3dtools-virtual-67.tex)
Removing  `lua-tikz3dtools.virtualfile.open_read_file' from `open_read_file'.
Removing  `lua-tikz3dtools.virtualfile.find_read_file' from `find_read_file'.
[67
Non-PDF special ignored!]
Time:20:09:42 Displaying 1830 simplices.
Inserting `lua-tikz3dtools.virtualfile.find_read_file' in `find_read_file'.
Inserting `lua-tikz3dtools.virtualfile.open_read_file' in `open_read_file'. (lu
a-tikz3dtools-virtual-68.tex)
Removing  `lua-tikz3dtools.virtualfile.open_read_file' from `open_read_file'.
Removing  `lua-tikz3dtools.virtualfile.find_read_file' from `find_read_file'.
[68
Non-PDF special ignored!]
Time:20:09:50 Displaying 1830 simplices.
Inserting `lua-tikz3dtools.virtualfile.find_read_file' in `find_read_file'.
Inserting `lua-tikz3dtools.virtualfile.open_read_file' in `open_read_file'. (lu
a-tikz3dtools-virtual-69.tex)
Removing  `lua-tikz3dtools.virtualfile.open_read_file' from `open_read_file'.
Removing  `lua-tikz3dtools.virtualfile.find_read_file' from `find_read_file'.
[69
Non-PDF special ignored!]
Time:20:09:57 Displaying 1830 simplices.
Inserting `lua-tikz3dtools.virtualfile.find_read_file' in `find_read_file'.
Inserting `lua-tikz3dtools.virtualfile.open_read_file' in `open_read_file'. (lu
a-tikz3dtools-virtual-70.tex)
Removing  `lua-tikz3dtools.virtualfile.open_read_file' from `open_read_file'.
Removing  `lua-tikz3dtools.virtualfile.find_read_file' from `find_read_file'.
[70
Non-PDF special ignored!]
Time:20:10:04 Displaying 1830 simplices.
Inserting `lua-tikz3dtools.virtualfile.find_read_file' in `find_read_file'.
Inserting `lua-tikz3dtools.virtualfile.open_read_file' in `open_read_file'. (lu
a-tikz3dtools-virtual-71.tex)
Removing  `lua-tikz3dtools.virtualfile.open_read_file' from `open_read_file'.
Removing  `lua-tikz3dtools.virtualfile.find_read_file' from `find_read_file'.
[71
Non-PDF special ignored!]
Time:20:10:12 Displaying 1830 simplices.
Inserting `lua-tikz3dtools.virtualfile.find_read_file' in `find_read_file'.
Inserting `lua-tikz3dtools.virtualfile.open_read_file' in `open_read_file'. (lu
a-tikz3dtools-virtual-72.tex)
Removing  `lua-tikz3dtools.virtualfile.open_read_file' from `open_read_file'.
Removing  `lua-tikz3dtools.virtualfile.find_read_file' from `find_read_file'.
[72
Non-PDF special ignored!]
Time:20:10:20 Displaying 1830 simplices.
Inserting `lua-tikz3dtools.virtualfile.find_read_file' in `find_read_file'.
Inserting `lua-tikz3dtools.virtualfile.open_read_file' in `open_read_file'. (lu
a-tikz3dtools-virtual-73.tex)
Removing  `lua-tikz3dtools.virtualfile.open_read_file' from `open_read_file'.
Removing  `lua-tikz3dtools.virtualfile.find_read_file' from `find_read_file'.
[73
Non-PDF special ignored!]
Time:20:10:27 Displaying 1830 simplices.
Inserting `lua-tikz3dtools.virtualfile.find_read_file' in `find_read_file'.
Inserting `lua-tikz3dtools.virtualfile.open_read_file' in `open_read_file'. (lu
a-tikz3dtools-virtual-74.tex)
Removing  `lua-tikz3dtools.virtualfile.open_read_file' from `open_read_file'.
Removing  `lua-tikz3dtools.virtualfile.find_read_file' from `find_read_file'.
[74
Non-PDF special ignored!]
Time:20:10:35 Displaying 1830 simplices.
Inserting `lua-tikz3dtools.virtualfile.find_read_file' in `find_read_file'.
Inserting `lua-tikz3dtools.virtualfile.open_read_file' in `open_read_file'. (lu
a-tikz3dtools-virtual-75.tex)
Removing  `lua-tikz3dtools.virtualfile.open_read_file' from `open_read_file'.
Removing  `lua-tikz3dtools.virtualfile.find_read_file' from `find_read_file'.
[75
Non-PDF special ignored!]
Time:20:10:42 Displaying 1830 simplices.
Inserting `lua-tikz3dtools.virtualfile.find_read_file' in `find_read_file'.
Inserting `lua-tikz3dtools.virtualfile.open_read_file' in `open_read_file'. (lu
a-tikz3dtools-virtual-76.tex)
Removing  `lua-tikz3dtools.virtualfile.open_read_file' from `open_read_file'.
Removing  `lua-tikz3dtools.virtualfile.find_read_file' from `find_read_file'.
[76
Non-PDF special ignored!]
Time:20:10:50 Displaying 1830 simplices.
Inserting `lua-tikz3dtools.virtualfile.find_read_file' in `find_read_file'.
Inserting `lua-tikz3dtools.virtualfile.open_read_file' in `open_read_file'. (lu
a-tikz3dtools-virtual-77.tex)
Removing  `lua-tikz3dtools.virtualfile.open_read_file' from `open_read_file'.
Removing  `lua-tikz3dtools.virtualfile.find_read_file' from `find_read_file'.
[77
Non-PDF special ignored!]
Time:20:10:57 Displaying 1830 simplices.
Time:20:11:01 Partitioning changed 1830 to 1832 simplices.
Inserting `lua-tikz3dtools.virtualfile.find_read_file' in `find_read_file'.
Inserting `lua-tikz3dtools.virtualfile.open_read_file' in `open_read_file'.
(lua-tikz3dtools-virtual-78.tex)
Removing  `lua-tikz3dtools.virtualfile.open_read_file' from `open_read_file'.
Removing  `lua-tikz3dtools.virtualfile.find_read_file' from `find_read_file'. [
78
Non-PDF special ignored!]
Time:20:11:05 Displaying 1830 simplices.
Inserting `lua-tikz3dtools.virtualfile.find_read_file' in `find_read_file'.
Inserting `lua-tikz3dtools.virtualfile.open_read_file' in `open_read_file'. (lu
a-tikz3dtools-virtual-79.tex)
Removing  `lua-tikz3dtools.virtualfile.open_read_file' from `open_read_file'.
Removing  `lua-tikz3dtools.virtualfile.find_read_file' from `find_read_file'.
[79
Non-PDF special ignored!]
Time:20:11:13 Displaying 1830 simplices.
Time:20:11:16 Partitioning changed 1830 to 1832 simplices.
Inserting `lua-tikz3dtools.virtualfile.find_read_file' in `find_read_file'.
Inserting `lua-tikz3dtools.virtualfile.open_read_file' in `open_read_file'.
(lua-tikz3dtools-virtual-80.tex)
Removing  `lua-tikz3dtools.virtualfile.open_read_file' from `open_read_file'.
Removing  `lua-tikz3dtools.virtualfile.find_read_file' from `find_read_file'. [
80
Non-PDF special ignored!]
Time:20:11:21 Displaying 1830 simplices.
Time:20:11:24 Partitioning changed 1830 to 1845 simplices.
Inserting `lua-tikz3dtools.virtualfile.find_read_file' in `find_read_file'.
Inserting `lua-tikz3dtools.virtualfile.open_read_file' in `open_read_file'.
(lua-tikz3dtools-virtual-81.tex)
Removing  `lua-tikz3dtools.virtualfile.open_read_file' from `open_read_file'.
Removing  `lua-tikz3dtools.virtualfile.find_read_file' from `find_read_file'. [
81
Non-PDF special ignored!]
Time:20:11:29 Displaying 1830 simplices.
Inserting `lua-tikz3dtools.virtualfile.find_read_file' in `find_read_file'.
Inserting `lua-tikz3dtools.virtualfile.open_read_file' in `open_read_file'. (lu
a-tikz3dtools-virtual-82.tex)
Removing  `lua-tikz3dtools.virtualfile.open_read_file' from `open_read_file'.
Removing  `lua-tikz3dtools.virtualfile.find_read_file' from `find_read_file'.
[82
Non-PDF special ignored!]
Time:20:11:37 Displaying 1830 simplices.
Inserting `lua-tikz3dtools.virtualfile.find_read_file' in `find_read_file'.
Inserting `lua-tikz3dtools.virtualfile.open_read_file' in `open_read_file'. (lu
a-tikz3dtools-virtual-83.tex)
Removing  `lua-tikz3dtools.virtualfile.open_read_file' from `open_read_file'.
Removing  `lua-tikz3dtools.virtualfile.find_read_file' from `find_read_file'.
[83
Non-PDF special ignored!]
Time:20:11:45 Displaying 1830 simplices.
Inserting `lua-tikz3dtools.virtualfile.find_read_file' in `find_read_file'.
Inserting `lua-tikz3dtools.virtualfile.open_read_file' in `open_read_file'. (lu
a-tikz3dtools-virtual-84.tex)
Removing  `lua-tikz3dtools.virtualfile.open_read_file' from `open_read_file'.
Removing  `lua-tikz3dtools.virtualfile.find_read_file' from `find_read_file'.
[84
Non-PDF special ignored!]
Time:20:11:53 Displaying 1830 simplices.
Inserting `lua-tikz3dtools.virtualfile.find_read_file' in `find_read_file'.
Inserting `lua-tikz3dtools.virtualfile.open_read_file' in `open_read_file'. (lu
a-tikz3dtools-virtual-85.tex)
Removing  `lua-tikz3dtools.virtualfile.open_read_file' from `open_read_file'.
Removing  `lua-tikz3dtools.virtualfile.find_read_file' from `find_read_file'.
[85
Non-PDF special ignored!]
Time:20:12:01 Displaying 1830 simplices.
Time:20:12:05 Partitioning changed 1830 to 1831 simplices.
Inserting `lua-tikz3dtools.virtualfile.find_read_file' in `find_read_file'.
Inserting `lua-tikz3dtools.virtualfile.open_read_file' in `open_read_file'.
(lua-tikz3dtools-virtual-86.tex)
Removing  `lua-tikz3dtools.virtualfile.open_read_file' from `open_read_file'.
Removing  `lua-tikz3dtools.virtualfile.find_read_file' from `find_read_file'. [
86
Non-PDF special ignored!]
Time:20:12:10 Displaying 1830 simplices.
Inserting `lua-tikz3dtools.virtualfile.find_read_file' in `find_read_file'.
Inserting `lua-tikz3dtools.virtualfile.open_read_file' in `open_read_file'. (lu
a-tikz3dtools-virtual-87.tex)
Removing  `lua-tikz3dtools.virtualfile.open_read_file' from `open_read_file'.
Removing  `lua-tikz3dtools.virtualfile.find_read_file' from `find_read_file'.
[87
Non-PDF special ignored!]
Time:20:12:17 Displaying 1830 simplices.
Inserting `lua-tikz3dtools.virtualfile.find_read_file' in `find_read_file'.
Inserting `lua-tikz3dtools.virtualfile.open_read_file' in `open_read_file'. (lu
a-tikz3dtools-virtual-88.tex)
Removing  `lua-tikz3dtools.virtualfile.open_read_file' from `open_read_file'.
Removing  `lua-tikz3dtools.virtualfile.find_read_file' from `find_read_file'.
[88
Non-PDF special ignored!]
Time:20:12:25 Displaying 1830 simplices.
Inserting `lua-tikz3dtools.virtualfile.find_read_file' in `find_read_file'.
Inserting `lua-tikz3dtools.virtualfile.open_read_file' in `open_read_file'. (lu
a-tikz3dtools-virtual-89.tex)
Removing  `lua-tikz3dtools.virtualfile.open_read_file' from `open_read_file'.
Removing  `lua-tikz3dtools.virtualfile.find_read_file' from `find_read_file'.
[89
Non-PDF special ignored!]
Time:20:12:33 Displaying 1830 simplices.
Inserting `lua-tikz3dtools.virtualfile.find_read_file' in `find_read_file'.
Inserting `lua-tikz3dtools.virtualfile.open_read_file' in `open_read_file'. (lu
a-tikz3dtools-virtual-90.tex)
Removing  `lua-tikz3dtools.virtualfile.open_read_file' from `open_read_file'.
Removing  `lua-tikz3dtools.virtualfile.find_read_file' from `find_read_file'.
[90
Non-PDF special ignored!]
Time:20:12:40 Displaying 1830 simplices.
Inserting `lua-tikz3dtools.virtualfile.find_read_file' in `find_read_file'.
Inserting `lua-tikz3dtools.virtualfile.open_read_file' in `open_read_file'. (lu
a-tikz3dtools-virtual-91.tex)
Removing  `lua-tikz3dtools.virtualfile.open_read_file' from `open_read_file'.
Removing  `lua-tikz3dtools.virtualfile.find_read_file' from `find_read_file'.
[91
Non-PDF special ignored!]
Time:20:12:48 Displaying 1830 simplices.
Inserting `lua-tikz3dtools.virtualfile.find_read_file' in `find_read_file'.
Inserting `lua-tikz3dtools.virtualfile.open_read_file' in `open_read_file'. (lu
a-tikz3dtools-virtual-92.tex)
Removing  `lua-tikz3dtools.virtualfile.open_read_file' from `open_read_file'.
Removing  `lua-tikz3dtools.virtualfile.find_read_file' from `find_read_file'.
[92
Non-PDF special ignored!]
Time:20:12:56 Displaying 1830 simplices.
Inserting `lua-tikz3dtools.virtualfile.find_read_file' in `find_read_file'.
Inserting `lua-tikz3dtools.virtualfile.open_read_file' in `open_read_file'. (lu
a-tikz3dtools-virtual-93.tex)
Removing  `lua-tikz3dtools.virtualfile.open_read_file' from `open_read_file'.
Removing  `lua-tikz3dtools.virtualfile.find_read_file' from `find_read_file'.
[93
Non-PDF special ignored!]
Time:20:13:03 Displaying 1830 simplices.
Inserting `lua-tikz3dtools.virtualfile.find_read_file' in `find_read_file'.
Inserting `lua-tikz3dtools.virtualfile.open_read_file' in `open_read_file'. (lu
a-tikz3dtools-virtual-94.tex)
Removing  `lua-tikz3dtools.virtualfile.open_read_file' from `open_read_file'.
Removing  `lua-tikz3dtools.virtualfile.find_read_file' from `find_read_file'.
[94
Non-PDF special ignored!]
Time:20:13:11 Displaying 1830 simplices.
Inserting `lua-tikz3dtools.virtualfile.find_read_file' in `find_read_file'.
Inserting `lua-tikz3dtools.virtualfile.open_read_file' in `open_read_file'. (lu
a-tikz3dtools-virtual-95.tex)
Removing  `lua-tikz3dtools.virtualfile.open_read_file' from `open_read_file'.
Removing  `lua-tikz3dtools.virtualfile.find_read_file' from `find_read_file'.
[95
Non-PDF special ignored!]
Time:20:13:19 Displaying 1830 simplices.
Inserting `lua-tikz3dtools.virtualfile.find_read_file' in `find_read_file'.
Inserting `lua-tikz3dtools.virtualfile.open_read_file' in `open_read_file'. (lu
a-tikz3dtools-virtual-96.tex)
Removing  `lua-tikz3dtools.virtualfile.open_read_file' from `open_read_file'.
Removing  `lua-tikz3dtools.virtualfile.find_read_file' from `find_read_file'.
[96
Non-PDF special ignored!]
Time:20:13:26 Displaying 1830 simplices.
Inserting `lua-tikz3dtools.virtualfile.find_read_file' in `find_read_file'.
Inserting `lua-tikz3dtools.virtualfile.open_read_file' in `open_read_file'. (lu
a-tikz3dtools-virtual-97.tex)
Removing  `lua-tikz3dtools.virtualfile.open_read_file' from `open_read_file'.
Removing  `lua-tikz3dtools.virtualfile.find_read_file' from `find_read_file'.
[97
Non-PDF special ignored!]
Time:20:13:34 Displaying 1830 simplices.
Inserting `lua-tikz3dtools.virtualfile.find_read_file' in `find_read_file'.
Inserting `lua-tikz3dtools.virtualfile.open_read_file' in `open_read_file'. (lu
a-tikz3dtools-virtual-98.tex)
Removing  `lua-tikz3dtools.virtualfile.open_read_file' from `open_read_file'.
Removing  `lua-tikz3dtools.virtualfile.find_read_file' from `find_read_file'.
[98
Non-PDF special ignored!]
Time:20:13:41 Displaying 1830 simplices.
Inserting `lua-tikz3dtools.virtualfile.find_read_file' in `find_read_file'.
Inserting `lua-tikz3dtools.virtualfile.open_read_file' in `open_read_file'. (lu
a-tikz3dtools-virtual-99.tex)
Removing  `lua-tikz3dtools.virtualfile.open_read_file' from `open_read_file'.
Removing  `lua-tikz3dtools.virtualfile.find_read_file' from `find_read_file'.
[99
Non-PDF special ignored!]
Time:20:13:49 Displaying 1830 simplices.
Time:20:13:52 Partitioning changed 1830 to 1831 simplices.
Inserting `lua-tikz3dtools.virtualfile.find_read_file' in `find_read_file'.
Inserting `lua-tikz3dtools.virtualfile.open_read_file' in `open_read_file'.
(lua-tikz3dtools-virtual-100.tex)
Removing  `lua-tikz3dtools.virtualfile.open_read_file' from `open_read_file'.
Removing  `lua-tikz3dtools.virtualfile.find_read_file' from `find_read_file'. [
100
Non-PDF special ignored!] (./source.aux)
 ***********
LaTeX2e <2026-06-01>
L3 programming layer <2026-07-20>
 ***********
)

Here is how much of LuaTeX's memory you used:
 87379 strings out of 2072846
 381499,953878 words of node,token memory allocated
 413 words of node memory still in use:
   3 hlist, 1 vlist, 1 rule, 2 glue, 3 kern, 1 glyph, 5 attribute, 48 glue_spec,
 5 attribute_list, 2 write nodes
   avail lists: 1:1,2:44416,3:44307,4:22,5:22,6:2,7:22295,9:39
 109335 multiletter control sequences out of 65536+2097151
 15 fonts using 723367 bytes
 117i,5n,114p,420b,513s stack positions out of 10000i,1000n,20000p,200000b,200000s
Output written on source.pdf (100 pages, 2177576 bytes).

PDF statistics: 320 PDF objects out of 1000 (max. 8388607)
 215 compressed objects within 3 object streams
 0 named destinations out of 1000 (max. 1048576)
 16 words of extra memory for PDF output out of 10000 (max. 100000000)

